cargo :    Compiling shade v0.0.0 
(C:\ProgramData\Documents\shade-stellar-contract\contracts\shade)
At line:1 char:1
+ cargo test --package shade --lib 2>&1 | Tee-Object -FilePath test_out ...
+ ~~~~~~~~~~~~~~~~~~~~~~~~~~~~~~~~~~~~~
    + CategoryInfo          : NotSpecified: (   Compiling sh...ontracts\shade) 
   :String) [], RemoteException
    + FullyQualifiedErrorId : NativeCommandError
 
    Finished `test` profile [unoptimized + debuginfo] target(s) in 7.83s
     Running unittests src\lib.rs 
(target\debug\deps\shade-b68027e492e38fd1.exe)

running 24 tests
test tests::test::test_initialize_twice - should panic ... ok
test tests::test_invoice::test_get_invoice_not_found - should panic ... ok
test tests::test::test_initialize ... ok
test tests::test_invoice::test_create_invoice_unregistered_merchant - should panic ... ok
test tests::test_accepted_tokens::test_invalid_token_address_panics - should panic ... ok
test tests::test::test_get_admin_not_initialized - should panic ... ok
test tests::test_accepted_tokens::test_admin_adds_token_and_emits_event ... ok
test tests::test_accepted_tokens::test_admin_removes_token_and_emits_event ... ok
test tests::test_invoice::test_create_and_get_invoice_success ... ok
test tests::test_accepted_tokens::test_non_admin_cannot_add_or_remove_tokens ... ok
test tests::test_accepted_tokens::test_duplicate_add_is_handled_gracefully ... ok
test tests::test_invoice::test_create_invoice_invalid_amount - should panic ... ok
test tests::test_merchant::test_is_merchant_active_merchant_not_found - should panic ... ok
test tests::test_merchant::test_is_merchant_active_merchant_id_zero - should panic ... ok
test tests::test_merchant::test_set_merchant_status_merchant_id_zero - should panic ... ok
test tests::test_merchant::test_event_emission_on_status_change ... ok
test tests::test_merchant::test_set_merchant_status_non_admin_not_authorized - should panic ... ok
test tests::test_merchant::test_set_merchant_status_invalid_merchant_id - should panic ... ok
test tests::test_merchant::test_set_merchant_status_admin_can_activate ... ok
test tests::test_merchant::test_set_merchant_status_admin_can_deactivate ... ok
test tests::test_merchant::test_set_same_status_twice ... FAILED
test tests::test_merchant::test_merchant_active_by_default ... ok
test tests::test_invoice::test_create_multiple_invoices ... ok
test tests::test_merchant::test_multiple_merchants_independent_status ... ok

failures:

---- tests::test_merchant::test_set_same_status_twice stdout ----

thread 'tests::test_merchant::test_set_same_status_twice' (19232) panicked at C:\Users\user\.cargo\registry\src\index.crates.io-1949cf8c6b5b557f\soroban-env-host-23.0.1\src\host.rs:861:9:
HostError: Error(Auth, ExistingValue)

Event log (newest first):
   0: [Diagnostic Event] contract:CAAAAAAAAAAAAAAAAAAAAAAAAAAAAAAAAAAAAAAAAAAAAAAAAAAAD2KM, topics:[error, Error(Auth, ExistingValue)], data:"escalating error to panic"
   1: [Diagnostic Event] contract:CAAAAAAAAAAAAAAAAAAAAAAAAAAAAAAAAAAAAAAAAAAAAAAAAAAAD2KM, topics:[error, Error(Auth, ExistingValue)], data:"frame is already authorized"
   2: [Contract Event] contract:CAAAAAAAAAAAAAAAAAAAAAAAAAAAAAAAAAAAAAAAAAAAAAAAAAAAD2KM, topics:[merchant_status_changed_event], data:{active: false, merchant_id: 1, timestamp: 0}

Writing test snapshot file for test "tests::test_merchant::test_set_same_status_twice" to "test_snapshots\\tests\\test_merchant\\test_set_same_status_twice.1.json".


failures:
    tests::test_merchant::test_set_same_status_twice

test result: FAILED. 23 passed; 1 failed; 0 ignored; 0 measured; 0 filtered out; finished in 0.35s

error: test failed, to rerun pass `-p shade --lib`
